[2025-06-17T10:33:59.947Z] [INFO] 🔍 Health check: http://localhost:3000/api/health
[2025-06-17T10:33:59.947Z] [INFO] 📊 Try it out: http://localhost:3000/api/prices?search=phone
[2025-06-17T10:33:59.945Z] [INFO] 🚀 Takealot Price API is running on port 3000
[2025-06-17T10:33:59.947Z] [INFO] 📝 Logs: http://localhost:3000/api/logs
[2025-06-17T10:34:40.653Z] [INFO] Processing search for: phone
[2025-06-17T10:34:40.656Z] [INFO] Launching browser...
[2025-06-17T10:34:41.800Z] [INFO] Navigating to https://www.takealot.com/all?qsearch=phone
[2025-06-17T10:34:49.976Z] [INFO] Looking for cookie banner...
[2025-06-17T10:34:50.136Z] [INFO] Cookie banner accepted
[2025-06-17T10:34:50.137Z] [INFO] Waiting for product content to load...
[2025-06-17T10:34:55.153Z] [INFO] Product grid selector [data-ref="product-grid"] not found, trying next...
[2025-06-17T10:35:00.168Z] [INFO] Product grid selector .product-grid not found, trying next...
[2025-06-17T10:35:05.175Z] [INFO] Product grid selector .search-results not found, trying next...
[2025-06-17T10:35:10.182Z] [INFO] Product grid selector .listings-container not found, trying next...
[2025-06-17T10:35:10.185Z] [WARN] No product grid selector matched, continuing anyway
[2025-06-17T10:35:10.187Z] [INFO] Starting page scroll...
[2025-06-17T10:35:13.793Z] [INFO] Page scroll completed
[2025-06-17T10:35:13.795Z] [INFO] Waiting for lazy-loaded content...
[2025-06-17T10:35:16.804Z] [INFO] Attempting to extract prices from DOM...
[2025-06-17T10:35:16.817Z] [ERROR] Error in scraping process: Failed to execute 'querySelectorAll' on 'Document': 'span:contains("R")' is not a valid selector.
pptr:evaluate;getScreenshotAndExtractPrices%20(C%3A%5Cxampp%5Chtdocs%5Crender-easytrade%5Capp.js%3A193%3A38):6:37
[2025-06-17T10:35:16.818Z] [INFO] Closing browser
[2025-06-17T10:35:16.963Z] [ERROR] Error processing request: Failed to execute 'querySelectorAll' on 'Document': 'span:contains("R")' is not a valid selector.
pptr:evaluate;getScreenshotAndExtractPrices%20(C%3A%5Cxampp%5Chtdocs%5Crender-easytrade%5Capp.js%3A193%3A38):6:37
[2025-06-17T11:04:11.564Z] [INFO] 🚀 Takealot Price API is running on port 3000
[2025-06-17T11:04:11.574Z] [INFO] 📝 Logs: http://localhost:3000/api/logs
[2025-06-17T11:04:11.573Z] [INFO] 📊 Try it out: http://localhost:3000/api/prices?search=phone
[2025-06-17T11:04:11.574Z] [INFO] 🔍 Health check: http://localhost:3000/api/health
[2025-06-17T11:04:20.274Z] [INFO] Processing search for: phone
[2025-06-17T11:04:20.288Z] [INFO] Launching browser...
[2025-06-17T11:04:21.467Z] [INFO] Navigating to https://www.takealot.com/all?qsearch=phone
[2025-06-17T11:04:30.268Z] [INFO] Looking for cookie banner...
[2025-06-17T11:04:30.449Z] [INFO] Cookie banner accepted
[2025-06-17T11:04:30.451Z] [INFO] Waiting for product content to load...
[2025-06-17T11:04:35.460Z] [INFO] Product grid selector [data-ref="product-grid"] not found, trying next...
[2025-06-17T11:04:40.466Z] [INFO] Product grid selector .product-grid not found, trying next...
[2025-06-17T11:04:45.469Z] [INFO] Product grid selector .search-results not found, trying next...
[2025-06-17T11:04:50.488Z] [INFO] Product grid selector .listings-container not found, trying next...
[2025-06-17T11:04:50.494Z] [WARN] No product grid selector matched, continuing anyway
[2025-06-17T11:04:50.496Z] [INFO] Starting page scroll...
[2025-06-17T11:04:54.105Z] [INFO] Page scroll completed
[2025-06-17T11:04:54.107Z] [INFO] Waiting for lazy-loaded content...
[2025-06-17T11:04:57.112Z] [INFO] Attempting to extract prices from DOM...
[2025-06-17T11:04:57.127Z] [ERROR] Error in scraping process: Failed to execute 'querySelectorAll' on 'Document': 'span:contains("R")' is not a valid selector.
pptr:evaluate;getScreenshotAndExtractPrices%20(C%3A%5Cxampp%5Chtdocs%5Crender-easytrade%5Capp.js%3A193%3A38):6:37
[2025-06-17T11:04:57.129Z] [INFO] Closing browser
[2025-06-17T11:04:57.315Z] [ERROR] Error processing request: Failed to execute 'querySelectorAll' on 'Document': 'span:contains("R")' is not a valid selector.
pptr:evaluate;getScreenshotAndExtractPrices%20(C%3A%5Cxampp%5Chtdocs%5Crender-easytrade%5Capp.js%3A193%3A38):6:37
